White: cloudflare/clef
Black: typesafe/jev-1.13
Limit: 1000 plies
  1 white cloudflare/clef        d4      d2d4 confidence=0.140 cost=$0.000218 latency=1279ms
  2 black typesafe/jev-1.13      d5      d7d5 confidence=0.310 cost=$0.000043 latency=418ms
  3 white cloudflare/clef        e4      e2e4 confidence=0.076 cost=$0.000272 latency=630ms
  4 black typesafe/jev-1.13      dxe4    d5e4 confidence=0.680 cost=$0.000052 latency=427ms
  5 white cloudflare/clef        Nf3     g1f3 confidence=0.026 cost=$0.000346 latency=630ms
  6 black typesafe/jev-1.13      exf3    e4f3 confidence=0.360 cost=$0.000056 latency=368ms
  7 white cloudflare/clef        Qxf3    d1f3 confidence=0.288 cost=$0.000305 latency=1031ms
  8 black typesafe/jev-1.13      Qxd4    d8d4 confidence=0.390 cost=$0.000054 latency=387ms
  9 white cloudflare/clef        Nc3     b1c3 confidence=0.013 cost=$0.000403 latency=771ms
 10 black typesafe/jev-1.13      Qxc3+   d4c3 confidence=0.600 cost=$0.000074 latency=387ms
 11 white cloudflare/clef        Qxc3    f3c3 confidence=0.389 cost=$0.000118 latency=528ms
 12 black typesafe/jev-1.13      Bh3     c8h3 confidence=0.080 cost=$0.000051 latency=398ms
 13 white cloudflare/clef        Qxh3    c3h3 confidence=0.285 cost=$0.000390 latency=1379ms
 14 black typesafe/jev-1.13      Nf6     g8f6 confidence=0.140 cost=$0.000044 latency=389ms
 15 white cloudflare/clef        Qc8#    h3c8 confidence=0.085 cost=$0.000382 latency=707ms


 A B C D E F G H
8♜ ♞ ♕ - ♚ ♝ - ♜ 
7♟ ♟ ♟ - ♟ ♟ ♟ ♟ 
6- - - - - ♞ - - 
5- - - - - - - - 
4- - - - - - - - 
3- - - - - - - - 
2♙ ♙ ♙ - - ♙ ♙ ♙ 
1♖ - ♗ - ♔ ♗ - ♖ 

Result: 1-0 (Checkmate), 15 plies, reported cost $0.002808
FEN: rnQ1kb1r/ppp1pppp/5n2/8/8/8/PPP2PPP/R1B1KB1R b KQkq - 2 8

[White "cloudflare/clef"]
[Black "typesafe/jev-1.13"]
[Result "1-0"]

1. d4 d5 2. e4 dxe4 3. Nf3 exf3 4. Qxf3 Qxd4 5. Nc3 Qxc3+ 6. Qxc3 Bh3 7. Qxh3 Nf6 8. Qc8# 1-0
